2026-08-12 22:41:46,835 [INFO] Starting relay audit against target=http://127.0.0.1:7546
2026-08-12 22:41:46,835 [INFO] Running test group: test_duplicate_json_keys
2026-08-12 22:41:46,839 [INFO] [duplicate_json_keys] status=None elapsed=3.91ms outcome=exception
2026-08-12 22:41:46,839 [INFO] Running test group: test_deep_array_recursion
2026-08-12 22:41:46,842 [INFO] [deep_array_recursion] status=None elapsed=0.8ms outcome=exception
2026-08-12 22:41:46,842 [INFO] Running test group: test_integer_hex_boundaries
2026-08-12 22:41:46,842 [INFO] [integer_hex_boundary_512bit_overflow] status=None elapsed=0.76ms outcome=exception
2026-08-12 22:41:46,843 [INFO] [integer_hex_boundary_malformed_negative] status=None elapsed=0.82ms outcome=exception
2026-08-12 22:41:46,844 [INFO] [integer_hex_boundary_non_hex_chars] status=None elapsed=0.84ms outcome=exception
2026-08-12 22:41:46,845 [INFO] Running test group: test_batch_payload_limits
2026-08-12 22:41:46,851 [INFO] [batch_payload_limits] status=None elapsed=0.73ms outcome=exception
2026-08-12 22:41:46,851 [INFO] Running test group: test_type_mismatch_injection
2026-08-12 22:41:46,851 [INFO] [type_mismatch_injection] status=None elapsed=0.6ms outcome=exception
2026-08-12 22:41:46,851 [INFO] Running test group: test_signature_structure_anomalies
2026-08-12 22:41:46,852 [INFO] [signature_anomaly_truncated_rawtx] status=None elapsed=0.7ms outcome=exception
2026-08-12 22:41:46,853 [INFO] [signature_anomaly_non_hex_rawtx] status=None elapsed=0.76ms outcome=exception
2026-08-12 22:41:46,854 [INFO] [signature_anomaly_oversized_v] status=None elapsed=0.62ms outcome=exception
2026-08-12 22:41:46,854 [INFO] [signature_anomaly_empty_string] status=None elapsed=0.54ms outcome=exception
2026-08-12 22:41:46,855 [INFO] Running test group: test_null_bytes_unicode
2026-08-12 22:41:46,855 [INFO] [null_bytes_unicode] status=None elapsed=0.53ms outcome=exception
2026-08-12 22:41:46,855 [INFO] Running test group: test_method_case_sensitivity
2026-08-12 22:41:46,856 [INFO] [method_case_eth_chainId] status=None elapsed=0.66ms outcome=exception
2026-08-12 22:41:46,857 [INFO] [method_case_ETH_chainId] status=None elapsed=0.5ms outcome=exception
2026-08-12 22:41:46,857 [INFO] [method_case_eth_CHAINID] status=None elapsed=0.75ms outcome=exception
2026-08-12 22:41:46,858 [INFO] [method_case_Eth_ChainId] status=None elapsed=0.59ms outcome=exception
2026-08-12 22:41:46,859 [INFO] [method_case_ETH_CHAINID] status=None elapsed=0.54ms outcome=exception
2026-08-12 22:41:46,859 [INFO] Running test group: test_caching_state_consistency
2026-08-12 22:41:46,859 [INFO] [cache_consistency_0] status=None elapsed=0.42ms outcome=exception
2026-08-12 22:41:46,860 [INFO] [cache_consistency_1] status=None elapsed=0.49ms outcome=exception
2026-08-12 22:41:46,861 [INFO] [cache_consistency_2] status=None elapsed=0.56ms outcome=exception
2026-08-12 22:41:46,861 [INFO] [cache_consistency_3] status=None elapsed=0.75ms outcome=exception
2026-08-12 22:41:46,862 [INFO] [cache_consistency_4] status=None elapsed=0.46ms outcome=exception
2026-08-12 22:41:46,862 [INFO] [cache_consistency_5] status=None elapsed=0.37ms outcome=exception
2026-08-12 22:41:46,863 [INFO] [cache_consistency_6] status=None elapsed=0.4ms outcome=exception
2026-08-12 22:41:46,863 [INFO] [cache_consistency_7] status=None elapsed=0.44ms outcome=exception
2026-08-12 22:41:46,864 [INFO] [cache_consistency_8] status=None elapsed=0.47ms outcome=exception
2026-08-12 22:41:46,865 [INFO] [cache_consistency_9] status=None elapsed=0.66ms outcome=exception
2026-08-12 22:41:46,865 [INFO] [cache_consistency_10] status=None elapsed=0.58ms outcome=exception
2026-08-12 22:41:46,866 [INFO] [cache_consistency_11] status=None elapsed=0.53ms outcome=exception
2026-08-12 22:41:46,867 [INFO] [cache_consistency_12] status=None elapsed=0.49ms outcome=exception
2026-08-12 22:41:46,867 [INFO] [cache_consistency_13] status=None elapsed=0.47ms outcome=exception
2026-08-12 22:41:46,868 [INFO] [cache_consistency_14] status=None elapsed=0.62ms outcome=exception
2026-08-12 22:41:46,869 [INFO] [cache_consistency_15] status=None elapsed=0.71ms outcome=exception
2026-08-12 22:41:46,869 [INFO] [cache_consistency_16] status=None elapsed=0.44ms outcome=exception
2026-08-12 22:41:46,870 [INFO] [cache_consistency_17] status=None elapsed=0.44ms outcome=exception
2026-08-12 22:41:46,870 [INFO] [cache_consistency_18] status=None elapsed=0.43ms outcome=exception
2026-08-12 22:41:46,871 [INFO] [cache_consistency_19] status=None elapsed=0.45ms outcome=exception
2026-08-12 22:41:46,871 [INFO] Running test group: test_connection_handshake_timeout
2026-08-12 22:41:46,871 [INFO] [connection_handshake_timeout] status=None elapsed=0.06ms outcome=exception
2026-08-12 22:41:46,872 [INFO] Wrote 38 result records to /home/user/Assets/relay_audit/audit_results.json
